#! /usr/bin/vvp
:ivl_version "12.0 (stable)";
:ivl_delay_selection "TYPICAL";
:vpi_time_precision + 0;
:vpi_module "/usr/lib/x86_64-linux-gnu/ivl/system.vpi";
:vpi_module "/usr/lib/x86_64-linux-gnu/ivl/vhdl_sys.vpi";
:vpi_module "/usr/lib/x86_64-linux-gnu/ivl/vhdl_textio.vpi";
:vpi_module "/usr/lib/x86_64-linux-gnu/ivl/v2005_math.vpi";
:vpi_module "/usr/lib/x86_64-linux-gnu/ivl/va_math.vpi";
S_0x61921e78a550 .scope module, "tb_mod10_counter" "tb_mod10_counter" 2 1;
 .timescale 0 0;
v0x61921e79eef0_0 .var "clk", 0 0;
v0x61921e79efc0_0 .net "count", 3 0, v0x61921e79ecf0_0;  1 drivers
v0x61921e79f090_0 .var "rst", 0 0;
E_0x61921e78aaa0/0 .event negedge, v0x61921e77a0e0_0;
E_0x61921e78aaa0/1 .event posedge, v0x61921e77a0e0_0;
E_0x61921e78aaa0 .event/or E_0x61921e78aaa0/0, E_0x61921e78aaa0/1;
S_0x61921e78a6e0 .scope module, "DUT" "mod10_counter" 2 8, 3 1 0, S_0x61921e78a550;
 .timescale 0 0;
    .port_info 0 /INPUT 1 "clk";
    .port_info 1 /INPUT 1 "rst";
    .port_info 2 /OUTPUT 4 "count";
v0x61921e77a0e0_0 .net "clk", 0 0, v0x61921e79eef0_0;  1 drivers
v0x61921e79ecf0_0 .var "count", 3 0;
v0x61921e79edd0_0 .net "rst", 0 0, v0x61921e79f090_0;  1 drivers
E_0x61921e78af60 .event posedge, v0x61921e79edd0_0, v0x61921e77a0e0_0;
    .scope S_0x61921e78a6e0;
T_0 ;
    %wait E_0x61921e78af60;
    %load/vec4 v0x61921e79edd0_0;
    %flag_set/vec4 8;
    %jmp/0xz  T_0.0, 8;
    %pushi/vec4 0, 0, 4;
    %store/vec4 v0x61921e79ecf0_0, 0, 4;
    %jmp T_0.1;
T_0.0 ;
    %load/vec4 v0x61921e79ecf0_0;
    %pad/u 32;
    %cmpi/e 1010, 0, 32;
    %jmp/0xz  T_0.2, 4;
    %pushi/vec4 0, 0, 4;
    %assign/vec4 v0x61921e79ecf0_0, 0;
    %jmp T_0.3;
T_0.2 ;
    %load/vec4 v0x61921e79ecf0_0;
    %addi 1, 0, 4;
    %store/vec4 v0x61921e79ecf0_0, 0, 4;
T_0.3 ;
T_0.1 ;
    %jmp T_0;
    .thread T_0;
    .scope S_0x61921e78a550;
T_1 ;
    %pushi/vec4 0, 0, 1;
    %store/vec4 v0x61921e79eef0_0, 0, 1;
    %end;
    .thread T_1;
    .scope S_0x61921e78a550;
T_2 ;
    %delay 5, 0;
    %load/vec4 v0x61921e79eef0_0;
    %inv;
    %store/vec4 v0x61921e79eef0_0, 0, 1;
    %jmp T_2;
    .thread T_2;
    .scope S_0x61921e78a550;
T_3 ;
    %wait E_0x61921e78aaa0;
    %load/vec4 v0x61921e79eef0_0;
    %flag_set/vec4 8;
    %jmp/0xz  T_3.0, 8;
    %vpi_call 2 17 "$display", "\012Time = %0t: Rising Ege", $time {0 0 0};
    %jmp T_3.1;
T_3.0 ;
    %vpi_call 2 21 "$display", "\012Time = %0t: Falling Edge", $time {0 0 0};
T_3.1 ;
    %jmp T_3;
    .thread T_3;
    .scope S_0x61921e78a550;
T_4 ;
    %vpi_call 2 28 "$dumpfile", "mod10_counter.vcd" {0 0 0};
    %vpi_call 2 29 "$dumpvars", 32'sb00000000000000000000000000000000, S_0x61921e78a550 {0 0 0};
    %vpi_call 2 31 "$monitor", "Time = %0t | clk = %b | rst = %b | count = %b|", $time, v0x61921e79eef0_0, v0x61921e79f090_0, v0x61921e79efc0_0 {0 0 0};
    %pushi/vec4 1, 0, 1;
    %store/vec4 v0x61921e79f090_0, 0, 1;
    %delay 10, 0;
    %pushi/vec4 0, 0, 1;
    %store/vec4 v0x61921e79f090_0, 0, 1;
    %vpi_call 2 40 "$finish" {0 0 0};
    %end;
    .thread T_4;
# The file index is used to find the file name in the following table.
:file_names 4;
    "N/A";
    "<interactive>";
    "tb_mod10_counter.v";
    "behavioural.v";
